
*** crates/online-core/src/clock.rs:114:9: replace ClockState::advance -> ClockAdvance with Default::default()

*** mutation diff:
--- crates/online-core/src/clock.rs
+++ replace ClockState::advance -> ClockAdvance with Default::default()
@@ -106,84 +106,17 @@
     /// into `pending` instead of being returned.
     pub fn advance(
         &mut self,
         cfg: &ClockCfg,
         clock: Option<f64>,
         session: Option<u64>,
         accept: bool,
     ) -> ClockAdvance {
-        let raw = match (clock, self.prev_clock) {
-            (Some(c), Some(p)) => Some(c - p),
-            (Some(_), None) => None, // first row of the stream
-            (None, _) => {
-                if self.started {
-                    Some(1.0)
-                } else {
-                    None
-                }
-            }
-        };
-        let session_changed = match (session, self.prev_session) {
-            (Some(s), Some(p)) => s != p,
-            _ => false,
-        };
-
-        let mut reset = false;
-        let mut d = match raw {
-            None => 0.0,
-            Some(raw) => {
-                if session_changed {
-                    match cfg.session_gap {
-                        Some(SessionGap::Reset) => {
-                            reset = true;
-                            0.0
-                        }
-                        Some(SessionGap::Gap(g)) => g.clamp(0.0, cfg.max_dclock),
-                        None => raw.clamp(0.0, cfg.max_dclock),
-                    }
-                } else if raw < 0.0 {
-                    match cfg.on_clock_reset {
-                        OnClockReset::Max => cfg.max_dclock,
-                        OnClockReset::Zero => 0.0,
-                        OnClockReset::ResetState => {
-                            reset = true;
-                            0.0
-                        }
-                    }
-                } else {
-                    raw.min(cfg.max_dclock)
-                }
-            }
-        };
-
-        if reset {
-            self.pending = 0.0;
-            d = 0.0;
-        }
-        self.prev_clock = clock;
-        self.prev_session = session;
-        self.started = true;
-
-        if accept {
-            let total = self.pending + d;
-            self.pending = 0.0;
-            ClockAdvance {
-                d_clock: total,
-                reset,
-                accepted: true,
-            }
-        } else {
-            self.pending += d;
-            ClockAdvance {
-                d_clock: 0.0,
-                reset,
-                accepted: false,
-            }
-        }
+        Default::default() /* ~ changed by cargo-mutants ~ */
     }
 }
 
 #[cfg(test)]
 mod tests {
     use super::*;
 
     fn cfg(max: f64) -> ClockCfg {


*** /Users/hgilde/.rustup/toolchains/stable-aarch64-apple-darwin/bin/cargo test --no-run --verbose --package=online-core@0.1.0
       Fresh unicode-ident v1.0.24
       Fresh proc-macro2 v1.0.107
       Fresh quote v1.0.47
       Fresh autocfg v1.5.1
       Fresh libm v0.2.16
       Fresh num-traits v0.2.19
       Fresh syn v2.0.119
       Fresh bytemuck v1.25.2
       Fresh rand_core v0.6.4
       Fresh rand v0.8.8
       Fresh crossbeam-utils v0.8.22
       Fresh num-complex v0.4.6
       Fresh cfg-if v1.0.4
       Fresh nano-gemm-codegen v0.2.1
       Fresh libc v0.2.189
       Fresh crossbeam-epoch v0.9.20
       Fresh version_check v0.9.5
       Fresh crossbeam-deque v0.8.7
       Fresh paste v1.0.15
       Fresh pulp-wasm-simd-flag v0.1.1
       Fresh reborrow v0.5.5
       Fresh pulp v0.22.3
       Fresh rayon-core v1.13.0
       Fresh thiserror-impl v1.0.69
       Fresh dyn-stack-macros v0.1.3
       Fresh either v1.18.0
       Fresh byteorder v1.5.0
       Fresh heck v0.5.0
       Fresh bitflags v2.13.1
       Fresh enum-as-inner v0.6.1
       Fresh rayon v1.12.0
       Fresh dyn-stack v0.13.2
       Fresh thiserror v1.0.69
       Fresh sysctl v0.6.0
       Fresh raw-cpuid v11.6.0
       Fresh ucd-trie v0.1.7
       Fresh memchr v2.8.3
       Fresh once_cell v1.21.4
       Fresh seq-macro v0.3.6
       Fresh gemm-common v0.19.0
       Fresh pest v2.9.0
       Fresh nano-gemm-core v0.2.1
       Fresh pest_meta v2.9.0
       Fresh getrandom v0.3.4
       Fresh zerocopy v0.8.56
       Fresh syn v3.0.4
       Fresh ppv-lite86 v0.2.21
       Fresh rand_core v0.9.5
       Fresh pest_generator v2.9.0
       Fresh num-integer v0.1.47
       Fresh num-bigint v0.4.8
       Fresh pest_derive v2.9.0
       Fresh rand_chacha v0.9.0
       Fresh crossbeam-channel v0.5.16
       Fresh crossbeam-queue v0.3.13
       Fresh equator-macro v0.4.2
       Fresh equator-macro v0.2.1
       Fresh equator v0.2.2
       Fresh equator v0.4.2
       Fresh crossbeam v0.8.4
       Fresh rand v0.9.5
       Fresh py_literal v0.4.0
       Fresh nano-gemm-c32 v0.2.1
       Fresh nano-gemm-f32 v0.2.1
       Fresh nano-gemm-f64 v0.2.1
       Fresh nano-gemm-c64 v0.2.1
       Fresh serde_core v1.0.229
       Fresh serde_derive v1.0.229
       Fresh gemm-f64 v0.19.0
       Fresh gemm-c32 v0.19.0
       Fresh gemm-f32 v0.19.0
       Fresh gemm-c64 v0.19.0
       Fresh qd v0.8.0
       Fresh generativity v1.2.1
       Fresh equator-macro v0.6.0
       Fresh atomic-wait v1.1.0
       Fresh spindle v0.2.6
       Fresh equator v0.6.0
       Fresh faer-traits v0.24.0
       Fresh gemm v0.19.0
       Fresh serde v1.0.229
       Fresh nano-gemm v0.2.2
       Fresh npyz v0.8.4
       Fresh rand_distr v0.5.1
       Fresh thiserror-impl v2.0.20
       Fresh thiserror v2.0.20
       Fresh faer v0.24.4
       Fresh rmp v0.8.15
       Fresh rmp-serde v1.3.1
       Dirty online-core v0.1.0 (/private/var/folders/5r/77k2t1vx1n50m75ysyl_z0qc0000gn/T/cargo-mutants-polars-online-tdmZwQ.tmp/crates/online-core): the file `crates/online-core/src/clock.rs` has changed (1788100429.478048107s, 2s after last build at 1788100427.091956186s)
   Compiling online-core v0.1.0 (/private/var/folders/5r/77k2t1vx1n50m75ysyl_z0qc0000gn/T/cargo-mutants-polars-online-tdmZwQ.tmp/crates/online-core)
     Running `/Users/hgilde/.rustup/toolchains/stable-aarch64-apple-darwin/bin/rustc --crate-name online_core --edition=2024 crates/online-core/src/lib.rs --error-format=json --json=diagnostic-rendered-ansi,artifacts,future-incompat --crate-type lib --emit=dep-info,metadata,link -C embed-bitcode=no -C debuginfo=2 -C split-debuginfo=unpacked --forbid=unsafe_code --check-cfg 'cfg(docsrs,test)' --check-cfg 'cfg(feature, values())' -C metadata=2cddee2a5cd3865b -C extra-filename=-f41f310313954398 --out-dir /private/var/folders/5r/77k2t1vx1n50m75ysyl_z0qc0000gn/T/cargo-mutants-polars-online-tdmZwQ.tmp/target/debug/deps -C incremental=/private/var/folders/5r/77k2t1vx1n50m75ysyl_z0qc0000gn/T/cargo-mutants-polars-online-tdmZwQ.tmp/target/debug/incremental -L dependency=/private/var/folders/5r/77k2t1vx1n50m75ysyl_z0qc0000gn/T/cargo-mutants-polars-online-tdmZwQ.tmp/target/debug/deps --extern faer=/private/var/folders/5r/77k2t1vx1n50m75ysyl_z0qc0000gn/T/cargo-mutants-polars-online-tdmZwQ.tmp/target/debug/deps/libfaer-e2203ff9ddb23b39.rmeta --extern serde=/private/var/folders/5r/77k2t1vx1n50m75ysyl_z0qc0000gn/T/cargo-mutants-polars-online-tdmZwQ.tmp/target/debug/deps/libserde-75ed40aefdc41108.rmeta --extern thiserror=/private/var/folders/5r/77k2t1vx1n50m75ysyl_z0qc0000gn/T/cargo-mutants-polars-online-tdmZwQ.tmp/target/debug/deps/libthiserror-0c7fe80d0d5d62dd.rmeta`
error[E0277]: the trait bound `ClockAdvance: Default` is not satisfied
   --> crates/online-core/src/clock.rs:114:9
    |
114 |         Default::default() /* ~ changed by cargo-mutants ~ */
    |         ^^^^^^^^^^^^^^^^^^ the trait `Default` is not implemented for `ClockAdvance`
    |
help: consider annotating `ClockAdvance` with `#[derive(Default)]`
    |
 78 + #[derive(Default)]
 79 | pub struct ClockAdvance {
    |

For more information about this error, try `rustc --explain E0277`.
error: could not compile `online-core` (lib) due to 1 previous error

Caused by:
  process didn't exit successfully: `/Users/hgilde/.rustup/toolchains/stable-aarch64-apple-darwin/bin/rustc --crate-name online_core --edition=2024 crates/online-core/src/lib.rs --error-format=json --json=diagnostic-rendered-ansi,artifacts,future-incompat --crate-type lib --emit=dep-info,metadata,link -C embed-bitcode=no -C debuginfo=2 -C split-debuginfo=unpacked --forbid=unsafe_code --check-cfg 'cfg(docsrs,test)' --check-cfg 'cfg(feature, values())' -C metadata=2cddee2a5cd3865b -C extra-filename=-f41f310313954398 --out-dir /private/var/folders/5r/77k2t1vx1n50m75ysyl_z0qc0000gn/T/cargo-mutants-polars-online-tdmZwQ.tmp/target/debug/deps -C incremental=/private/var/folders/5r/77k2t1vx1n50m75ysyl_z0qc0000gn/T/cargo-mutants-polars-online-tdmZwQ.tmp/target/debug/incremental -L dependency=/private/var/folders/5r/77k2t1vx1n50m75ysyl_z0qc0000gn/T/cargo-mutants-polars-online-tdmZwQ.tmp/target/debug/deps --extern faer=/private/var/folders/5r/77k2t1vx1n50m75ysyl_z0qc0000gn/T/cargo-mutants-polars-online-tdmZwQ.tmp/target/debug/deps/libfaer-e2203ff9ddb23b39.rmeta --extern serde=/private/var/folders/5r/77k2t1vx1n50m75ysyl_z0qc0000gn/T/cargo-mutants-polars-online-tdmZwQ.tmp/target/debug/deps/libserde-75ed40aefdc41108.rmeta --extern thiserror=/private/var/folders/5r/77k2t1vx1n50m75ysyl_z0qc0000gn/T/cargo-mutants-polars-online-tdmZwQ.tmp/target/debug/deps/libthiserror-0c7fe80d0d5d62dd.rmeta` (exit status: 1)

*** result: Failure(101)
