
*** crates/online-core/src/clock.rs:21:9: replace Decay::factor -> f64 with 0.0

*** mutation diff:
--- crates/online-core/src/clock.rs
+++ replace Decay::factor -> f64 with 0.0
@@ -13,26 +13,17 @@
     /// `factor = 0.5^(d_clock / halflife)`
     Halflife(f64),
     /// `factor = lam^d_clock` (with a row-count clock, `lam` per row).
     Lam(f64),
 }
 
 impl Decay {
     pub fn factor(&self, d_clock: f64) -> f64 {
-        match *self {
-            Decay::Halflife(h) => {
-                if h.is_infinite() {
-                    1.0
-                } else {
-                    0.5f64.powf(d_clock / h)
-                }
-            }
-            Decay::Lam(l) => l.powf(d_clock),
-        }
+        0.0 /* ~ changed by cargo-mutants ~ */
     }
 }
 
 /// What to do when the raw clock delta is negative (docs/PLAN.md §3).
 #[derive(Debug, Clone, Copy, PartialEq, Eq, Default, Serialize, Deserialize)]
 #[serde(rename_all = "snake_case")]
 pub enum OnClockReset {
     /// Treat the delta as `max_dclock` (default).


*** /Users/hgilde/.rustup/toolchains/stable-aarch64-apple-darwin/bin/cargo test --no-run --verbose --package=online-core@0.1.0
       Fresh unicode-ident v1.0.24
       Fresh autocfg v1.5.1
       Fresh bytemuck v1.25.2
       Fresh rand_core v0.6.4
       Fresh cfg-if v1.0.4
       Fresh nano-gemm-codegen v0.2.1
       Fresh version_check v0.9.5
       Fresh proc-macro2 v1.0.107
       Fresh rand v0.8.8
       Fresh pulp-wasm-simd-flag v0.1.1
       Fresh reborrow v0.5.5
       Fresh quote v1.0.47
       Fresh libm v0.2.16
       Fresh crossbeam-utils v0.8.22
       Fresh libc v0.2.189
       Fresh paste v1.0.15
       Fresh heck v0.5.0
       Fresh either v1.18.0
       Fresh dyn-stack-macros v0.1.3
       Fresh byteorder v1.5.0
       Fresh bitflags v2.13.1
       Fresh num-traits v0.2.19
       Fresh syn v2.0.119
       Fresh crossbeam-epoch v0.9.20
       Fresh dyn-stack v0.13.2
       Fresh raw-cpuid v11.6.0
       Fresh ucd-trie v0.1.7
       Fresh memchr v2.8.3
       Fresh once_cell v1.21.4
       Fresh seq-macro v0.3.6
       Fresh nano-gemm-core v0.2.1
       Fresh syn v3.0.4
       Fresh num-complex v0.4.6
       Fresh crossbeam-deque v0.8.7
       Fresh thiserror-impl v1.0.69
       Fresh enum-as-inner v0.6.1
       Fresh pest v2.9.0
       Fresh zerocopy v0.8.56
       Fresh num-integer v0.1.47
       Fresh equator-macro v0.4.2
       Fresh equator-macro v0.2.1
       Fresh rayon-core v1.13.0
       Fresh pulp v0.22.3
       Fresh thiserror v1.0.69
       Fresh getrandom v0.3.4
       Fresh pest_meta v2.9.0
       Fresh ppv-lite86 v0.2.21
       Fresh num-bigint v0.4.8
       Fresh crossbeam-queue v0.3.13
       Fresh crossbeam-channel v0.5.16
       Fresh nano-gemm-c64 v0.2.1
       Fresh nano-gemm-f64 v0.2.1
       Fresh rayon v1.12.0
       Fresh sysctl v0.6.0
       Fresh rand_core v0.9.5
       Fresh pest_generator v2.9.0
       Fresh qd v0.8.0
       Fresh nano-gemm-c32 v0.2.1
       Fresh crossbeam v0.8.4
       Fresh serde_core v1.0.229
       Fresh nano-gemm-f32 v0.2.1
       Fresh equator v0.4.2
       Fresh equator v0.2.2
       Fresh serde_derive v1.0.229
       Fresh atomic-wait v1.1.0
       Fresh gemm-common v0.19.0
       Fresh rand_chacha v0.9.0
       Fresh pest_derive v2.9.0
       Fresh equator-macro v0.6.0
       Fresh generativity v1.2.1
       Fresh nano-gemm v0.2.2
       Fresh serde v1.0.229
       Fresh spindle v0.2.6
       Fresh thiserror-impl v2.0.20
       Fresh rmp v0.8.15
       Fresh gemm-c64 v0.19.0
       Fresh gemm-f64 v0.19.0
       Fresh gemm-c32 v0.19.0
       Fresh gemm-f32 v0.19.0
       Fresh py_literal v0.4.0
       Fresh rand v0.9.5
       Fresh faer-traits v0.24.0
       Fresh equator v0.6.0
       Fresh thiserror v2.0.20
       Fresh rmp-serde v1.3.1
       Fresh gemm v0.19.0
       Fresh rand_distr v0.5.1
       Fresh npyz v0.8.4
       Fresh faer v0.24.4
       Dirty online-core v0.1.0 (/private/var/folders/5r/77k2t1vx1n50m75ysyl_z0qc0000gn/T/cargo-mutants-polars-online-cHk5aS.tmp/crates/online-core): the file `crates/online-core/src/clock.rs` has changed (1788127709.058217454s, 4s after last build at 1788127705.736990120s)
   Compiling online-core v0.1.0 (/private/var/folders/5r/77k2t1vx1n50m75ysyl_z0qc0000gn/T/cargo-mutants-polars-online-cHk5aS.tmp/crates/online-core)
     Running `/Users/hgilde/.rustup/toolchains/stable-aarch64-apple-darwin/bin/rustc --crate-name online_core --edition=2024 crates/online-core/src/lib.rs --error-format=json --json=diagnostic-rendered-ansi,artifacts,future-incompat --emit=dep-info,link -C embed-bitcode=no -C debuginfo=2 -C split-debuginfo=unpacked --forbid=unsafe_code --test --check-cfg 'cfg(docsrs,test)' --check-cfg 'cfg(feature, values())' -C metadata=fece7fae37409fbc -C extra-filename=-320c102427365a1c --out-dir /private/var/folders/5r/77k2t1vx1n50m75ysyl_z0qc0000gn/T/cargo-mutants-polars-online-cHk5aS.tmp/target/debug/deps -C incremental=/private/var/folders/5r/77k2t1vx1n50m75ysyl_z0qc0000gn/T/cargo-mutants-polars-online-cHk5aS.tmp/target/debug/incremental -L dependency=/private/var/folders/5r/77k2t1vx1n50m75ysyl_z0qc0000gn/T/cargo-mutants-polars-online-cHk5aS.tmp/target/debug/deps --extern faer=/private/var/folders/5r/77k2t1vx1n50m75ysyl_z0qc0000gn/T/cargo-mutants-polars-online-cHk5aS.tmp/target/debug/deps/libfaer-e2203ff9ddb23b39.rlib --extern rmp_serde=/private/var/folders/5r/77k2t1vx1n50m75ysyl_z0qc0000gn/T/cargo-mutants-polars-online-cHk5aS.tmp/target/debug/deps/librmp_serde-37cb619faf3b57fb.rlib --extern serde=/private/var/folders/5r/77k2t1vx1n50m75ysyl_z0qc0000gn/T/cargo-mutants-polars-online-cHk5aS.tmp/target/debug/deps/libserde-75ed40aefdc41108.rlib --extern thiserror=/private/var/folders/5r/77k2t1vx1n50m75ysyl_z0qc0000gn/T/cargo-mutants-polars-online-cHk5aS.tmp/target/debug/deps/libthiserror-0c7fe80d0d5d62dd.rlib`
     Running `/Users/hgilde/.rustup/toolchains/stable-aarch64-apple-darwin/bin/rustc --crate-name online_core --edition=2024 crates/online-core/src/lib.rs --error-format=json --json=diagnostic-rendered-ansi,artifacts,future-incompat --crate-type lib --emit=dep-info,metadata,link -C embed-bitcode=no -C debuginfo=2 -C split-debuginfo=unpacked --forbid=unsafe_code --check-cfg 'cfg(docsrs,test)' --check-cfg 'cfg(feature, values())' -C metadata=2cddee2a5cd3865b -C extra-filename=-f41f310313954398 --out-dir /private/var/folders/5r/77k2t1vx1n50m75ysyl_z0qc0000gn/T/cargo-mutants-polars-online-cHk5aS.tmp/target/debug/deps -C incremental=/private/var/folders/5r/77k2t1vx1n50m75ysyl_z0qc0000gn/T/cargo-mutants-polars-online-cHk5aS.tmp/target/debug/incremental -L dependency=/private/var/folders/5r/77k2t1vx1n50m75ysyl_z0qc0000gn/T/cargo-mutants-polars-online-cHk5aS.tmp/target/debug/deps --extern faer=/private/var/folders/5r/77k2t1vx1n50m75ysyl_z0qc0000gn/T/cargo-mutants-polars-online-cHk5aS.tmp/target/debug/deps/libfaer-e2203ff9ddb23b39.rmeta --extern serde=/private/var/folders/5r/77k2t1vx1n50m75ysyl_z0qc0000gn/T/cargo-mutants-polars-online-cHk5aS.tmp/target/debug/deps/libserde-75ed40aefdc41108.rmeta --extern thiserror=/private/var/folders/5r/77k2t1vx1n50m75ysyl_z0qc0000gn/T/cargo-mutants-polars-online-cHk5aS.tmp/target/debug/deps/libthiserror-0c7fe80d0d5d62dd.rmeta`
warning: unused variable: `d_clock`
  --> crates/online-core/src/clock.rs:20:26
   |
20 |     pub fn factor(&self, d_clock: f64) -> f64 {
   |                          ^^^^^^^ help: if this is intentional, prefix it with an underscore: `_d_clock`
   |
   = note: `#[warn(unused_variables)]` (part of `#[warn(unused)]`) on by default

warning: `online-core` (lib) generated 1 warning (run `cargo fix --lib -p online-core` to apply 1 suggestion)
     Running `/Users/hgilde/.rustup/toolchains/stable-aarch64-apple-darwin/bin/rustc --crate-name golden --edition=2024 crates/online-core/tests/golden.rs --error-format=json --json=diagnostic-rendered-ansi,artifacts,future-incompat --emit=dep-info,link -C embed-bitcode=no -C debuginfo=2 -C split-debuginfo=unpacked --forbid=unsafe_code --test --check-cfg 'cfg(docsrs,test)' --check-cfg 'cfg(feature, values())' -C metadata=df9811e927737b4c -C extra-filename=-5b0576e2ec99f20a --out-dir /private/var/folders/5r/77k2t1vx1n50m75ysyl_z0qc0000gn/T/cargo-mutants-polars-online-cHk5aS.tmp/target/debug/deps -C incremental=/private/var/folders/5r/77k2t1vx1n50m75ysyl_z0qc0000gn/T/cargo-mutants-polars-online-cHk5aS.tmp/target/debug/incremental -L dependency=/private/var/folders/5r/77k2t1vx1n50m75ysyl_z0qc0000gn/T/cargo-mutants-polars-online-cHk5aS.tmp/target/debug/deps --extern faer=/private/var/folders/5r/77k2t1vx1n50m75ysyl_z0qc0000gn/T/cargo-mutants-polars-online-cHk5aS.tmp/target/debug/deps/libfaer-e2203ff9ddb23b39.rlib --extern online_core=/private/var/folders/5r/77k2t1vx1n50m75ysyl_z0qc0000gn/T/cargo-mutants-polars-online-cHk5aS.tmp/target/debug/deps/libonline_core-f41f310313954398.rlib --extern rmp_serde=/private/var/folders/5r/77k2t1vx1n50m75ysyl_z0qc0000gn/T/cargo-mutants-polars-online-cHk5aS.tmp/target/debug/deps/librmp_serde-37cb619faf3b57fb.rlib --extern serde=/private/var/folders/5r/77k2t1vx1n50m75ysyl_z0qc0000gn/T/cargo-mutants-polars-online-cHk5aS.tmp/target/debug/deps/libserde-75ed40aefdc41108.rlib --extern thiserror=/private/var/folders/5r/77k2t1vx1n50m75ysyl_z0qc0000gn/T/cargo-mutants-polars-online-cHk5aS.tmp/target/debug/deps/libthiserror-0c7fe80d0d5d62dd.rlib`
warning: `online-core` (lib test) generated 1 warning (1 duplicate)
    Finished `test` profile [unoptimized + debuginfo] target(s) in 0.99s
  Executable `/private/var/folders/5r/77k2t1vx1n50m75ysyl_z0qc0000gn/T/cargo-mutants-polars-online-cHk5aS.tmp/target/debug/deps/online_core-320c102427365a1c`
  Executable `/private/var/folders/5r/77k2t1vx1n50m75ysyl_z0qc0000gn/T/cargo-mutants-polars-online-cHk5aS.tmp/target/debug/deps/golden-5b0576e2ec99f20a`

*** result: Success

*** /Users/hgilde/.rustup/toolchains/stable-aarch64-apple-darwin/bin/cargo test --verbose --package=online-core@0.1.0
       Fresh unicode-ident v1.0.24
       Fresh autocfg v1.5.1
       Fresh bytemuck v1.25.2
       Fresh rand_core v0.6.4
       Fresh cfg-if v1.0.4
       Fresh nano-gemm-codegen v0.2.1
       Fresh version_check v0.9.5
       Fresh proc-macro2 v1.0.107
       Fresh rand v0.8.8
       Fresh pulp-wasm-simd-flag v0.1.1
       Fresh reborrow v0.5.5
       Fresh quote v1.0.47
       Fresh libm v0.2.16
       Fresh crossbeam-utils v0.8.22
       Fresh libc v0.2.189
       Fresh paste v1.0.15
       Fresh dyn-stack-macros v0.1.3
       Fresh byteorder v1.5.0
       Fresh bitflags v2.13.1
       Fresh either v1.18.0
       Fresh heck v0.5.0
       Fresh memchr v2.8.3
       Fresh num-traits v0.2.19
       Fresh syn v2.0.119
       Fresh crossbeam-epoch v0.9.20
       Fresh dyn-stack v0.13.2
       Fresh raw-cpuid v11.6.0
       Fresh seq-macro v0.3.6
       Fresh ucd-trie v0.1.7
       Fresh once_cell v1.21.4
       Fresh nano-gemm-core v0.2.1
       Fresh syn v3.0.4
       Fresh num-complex v0.4.6
       Fresh crossbeam-deque v0.8.7
       Fresh thiserror-impl v1.0.69
       Fresh enum-as-inner v0.6.1
       Fresh pest v2.9.0
       Fresh num-integer v0.1.47
       Fresh equator-macro v0.2.1
       Fresh equator-macro v0.4.2
       Fresh pulp v0.22.3
       Fresh rayon-core v1.13.0
       Fresh thiserror v1.0.69
       Fresh zerocopy v0.8.56
       Fresh getrandom v0.3.4
       Fresh pest_meta v2.9.0
       Fresh num-bigint v0.4.8
       Fresh crossbeam-channel v0.5.16
       Fresh crossbeam-queue v0.3.13
       Fresh equator v0.4.2
       Fresh nano-gemm-f64 v0.2.1
       Fresh nano-gemm-c32 v0.2.1
       Fresh rayon v1.12.0
       Fresh sysctl v0.6.0
       Fresh rand_core v0.9.5
       Fresh ppv-lite86 v0.2.21
       Fresh pest_generator v2.9.0
       Fresh qd v0.8.0
       Fresh nano-gemm-c64 v0.2.1
       Fresh crossbeam v0.8.4
       Fresh serde_core v1.0.229
       Fresh nano-gemm-f32 v0.2.1
       Fresh equator v0.2.2
       Fresh serde_derive v1.0.229
       Fresh equator-macro v0.6.0
       Fresh generativity v1.2.1
       Fresh gemm-common v0.19.0
       Fresh pest_derive v2.9.0
       Fresh rand_chacha v0.9.0
       Fresh atomic-wait v1.1.0
       Fresh nano-gemm v0.2.2
       Fresh faer-traits v0.24.0
       Fresh equator v0.6.0
       Fresh serde v1.0.229
       Fresh thiserror-impl v2.0.20
       Fresh rmp v0.8.15
       Fresh gemm-c32 v0.19.0
       Fresh py_literal v0.4.0
       Fresh gemm-c64 v0.19.0
       Fresh gemm-f64 v0.19.0
       Fresh rand v0.9.5
       Fresh gemm-f32 v0.19.0
       Fresh spindle v0.2.6
       Fresh rmp-serde v1.3.1
       Fresh rand_distr v0.5.1
       Fresh gemm v0.19.0
       Fresh npyz v0.8.4
       Fresh thiserror v2.0.20
       Fresh faer v0.24.4
warning: unused variable: `d_clock`
  --> crates/online-core/src/clock.rs:20:26
   |
20 |     pub fn factor(&self, d_clock: f64) -> f64 {
   |                          ^^^^^^^ help: if this is intentional, prefix it with an underscore: `_d_clock`
   |
   = note: `#[warn(unused_variables)]` (part of `#[warn(unused)]`) on by default

warning: `online-core` (lib) generated 1 warning (run `cargo fix --lib -p online-core` to apply 1 suggestion)
warning: `online-core` (lib test) generated 1 warning (1 duplicate)
       Fresh online-core v0.1.0 (/private/var/folders/5r/77k2t1vx1n50m75ysyl_z0qc0000gn/T/cargo-mutants-polars-online-cHk5aS.tmp/crates/online-core)
    Finished `test` profile [unoptimized + debuginfo] target(s) in 0.09s
     Running `/private/var/folders/5r/77k2t1vx1n50m75ysyl_z0qc0000gn/T/cargo-mutants-polars-online-cHk5aS.tmp/target/debug/deps/online_core-320c102427365a1c`

running 125 tests
test clock::tests::session_change_is_reported_separately_from_reset ... ok
test clock::tests::error_policy_reports_a_backwards_clock ... ok
test clock::tests::session_gap_overrides_delta ... ok
test clock::tests::skipped_rows_fold_into_pending ... ok
test clock::tests::duplicate_clock_values_are_zero_deltas ... ok
test clock::tests::row_count_clock ... ok
test drift::tests::a_bigger_threshold_is_slower ... ok
test clock::tests::caps_and_negative_deltas ... ok
test drift::tests::detects_a_step_change_in_error ... ok
test drift::tests::non_finite_values_are_ignored ... ok
test drift::tests::resets_after_detecting ... ok
test drift::tests::delta_absorbs_small_shifts ... ok
test clock::tests::decay_factors ... FAILED
test ewcov::tests::no_inverse_by_default ... ok
test ewcov::tests::matches_direct_computation ... ok
test ewcov::tests::pure_decay_keeps_means ... ok
test drift::tests::quiet_stream_does_not_drift ... ok
test ewcov::tests::with_inverse_rejects_a_non_positive_prior ... ok
test ewcov::tests::cov_and_var_are_centered ... ok
test ewcov::tests::tracked_inverse_matches_a_from_scratch_solve ... ok
test ewridge::tests::coef0_shape_is_validated ... ok
test ewcov::tests::serde_roundtrip ... ok
test ewridge::tests::session_shrink_config_is_validated ... ok
test ewridge::tests::coef0_with_ridge_decay_warms_the_start_then_fades ... FAILED
test ewridge::tests::solve_schedule_staleness ... ok
test ewridge::tests::coef0_works_with_standardization ... FAILED
test ewridge::tests::pred_is_out_of_sample_and_warmup_nan ... FAILED
test ewridge::tests::null_target_is_predict_only ... FAILED
test ewridge::tests::zero_variance_feature_dropped_in_standardized_solve ... FAILED
test ewridge::tests::state_roundtrip_continues_identically ... FAILED
test ewridge::tests::coef0_shrinks_toward_the_prior_not_zero ... ok
test ftrl::tests::forgets_on_the_clock ... FAILED
test ftrl::tests::state_roundtrip ... FAILED
test ftrl::tests::learns_a_separable_rule ... FAILED
test ewridge::tests::standardize_matches_plain_when_ridge_tiny ... ok
test ftrl::tests::predictions_are_probabilities ... ok
test ftrl::tests::base_rate_is_learned_by_the_intercept ... FAILED
test ftrl::tests::strict_binary_is_rejected_for_the_squared_loss ... ok
test ftrl::tests::l1_shrinks_noise_features_and_can_zero_everything ... FAILED
test holt::tests::an_irregular_clock_extrapolates_the_right_distance ... ok
test holt::tests::a_pinned_trend_is_a_plain_ew_level ... ok
test holt::tests::first_value_seeds_the_level ... ok
test holt::tests::extrapolates_a_linear_trend ... ok
test holt::tests::null_target_is_predict_only ... ok
test holt::tests::rejects_bad_config ... ok
test ftrl::tests::squared_loss_predictions_are_not_probabilities ... FAILED
test holt::tests::tracks_a_constant_level ... ok
test holt::tests::state_roundtrip ... ok
test kalman::tests::explicit_q_overrides_halflife ... ok
test kalman::tests::predictive_variance_exceeds_the_observation_noise ... ok
test kalman::tests::null_target_is_predict_only ... FAILED
test kalman::tests::infinite_halflife_pins_the_coefficient ... ok
test kalman::tests::share_p_keeps_one_covariance ... ok
test kalman::tests::state_roundtrip ... FAILED
test lasso::tests::elastic_net_shrinks_less_sparsely ... FAILED
test kalman::tests::unstandardized_with_no_process_noise_is_bayesian_regression ... ok
test ewridge::tests::multi_target_and_grids ... FAILED
test ewcov::tests::partial_correlation_detects_a_spurious_link ... ok
test lasso::tests::large_penalty_zeroes_coefficients ... FAILED
test kalman::tests::tracks_a_static_beta ... FAILED
test lasso::tests::state_roundtrip ... FAILED
test model::tests::schema_check ... ok
test pa::tests::c_caps_the_aggressiveness ... ok
test pa::tests::null_target_is_predict_only ... ok
test kalman::tests::predictive_variance_narrows_with_evidence ... FAILED
test pa::tests::passive_inside_the_tube ... ok
test pa::tests::plain_pa_satisfies_the_constraint_exactly ... ok
test ewridge::tests::recovers_static_beta ... FAILED
test pa::tests::rejects_bad_config ... ok
test pa::tests::row_weight_scales_the_step ... ok
test pa::tests::state_roundtrip ... FAILED
test ftrl::tests::squared_loss_fits_a_continuous_target ... FAILED
test rls::tests::null_target_is_predict_only ... ok
test lasso::tests::zero_penalty_matches_ols ... FAILED
test rls::tests::recovers_static_beta ... ok
test rls::tests::state_roundtrip ... ok
test lasso::tests::selects_sparse_lambda_when_features_are_noise ... ok
test kalman::tests::tracks_a_drifting_beta_better_than_a_pinned_one ... FAILED
test robust::tests::rejects_bad_config ... ok
test pa::tests::bounded_variants_resist_an_outlier ... ok
test pa::tests::recovers_a_noiseless_relationship ... ok
test sgd::tests::clip_gradient_bounds_the_step ... ok
test robust::tests::state_roundtrip ... FAILED
test robust::tests::reweighting_uses_the_prior_residual_only ... ok
test sgd::tests::null_target_is_predict_only ... ok
test sgd::tests::poisson_diverges_without_gradient_clipping ... ok
test sgd::tests::epsilon_insensitive_ignores_residuals_inside_the_tube ... ok
test sgd::tests::poisson_predictions_are_non_negative ... ok
test sgd::tests::rejects_bad_config ... ok
test sgd::tests::l2_shrinks_toward_zero ... ok
test sgd::tests::scaling_is_out_of_sample ... ok
test rls::tests::agrees_with_ewridge_solved_every_row ... FAILED
test robust::tests::huber_resists_outliers_that_break_least_squares ... FAILED
test sgd::tests::state_roundtrip ... FAILED
test robust::tests::huber_matches_least_squares_without_outliers ... FAILED
test solve::tests::solves_well_conditioned ... ok
test solve::tests::jitters_singular_matrix ... ok
test stats::metric_tests::a_perfect_prediction_scores_perfectly ... ok
test sgd::tests::adagrad_and_inv_scaling_also_converge ... FAILED
test sgd::tests::epsilon_insensitive_needs_an_annealed_rate_to_settle ... ok
test sgd::tests::poisson_loss_recovers_a_log_rate ... ok
test stats::metric_tests::nothing_is_reported_before_any_row ... ok
test stats::metric_tests::unscored_rows_are_ignored_not_counted_as_zero ... ok
test stats::metric_tests::decay_lets_it_forget_an_old_regime ... ok
test sgd::tests::huber_resists_outliers ... ok
test stats::metric_tests::a_sign_flip_shows_up_as_negative_ic_and_low_hit_rate ... ok
test stats::metric_tests::a_worse_than_mean_prediction_scores_negative_r2 ... ok
test sgd::tests::squared_loss_recovers_the_coefficients ... ok
test stats::tests::autocorr_rejects_lag_zero ... ok
test stats::tests::p2_is_none_before_five_points ... ok
test stats::tests::p2_rejects_bad_levels ... ok
test stats::tests::autocorr_detects_alternation ... ok
test stats::tests::autocorr_detects_a_persistent_series ... ok
test stats::tests::autocorr_is_near_zero_for_noise ... ok
test sgd::tests::quantile_loss_tracks_the_level ... ok
test sgd::tests::scaling_reports_coefficients_in_the_callers_units ... FAILED
test stats::metric_tests::predicting_the_mean_scores_zero_r2 ... ok
test stats::metric_tests::an_uninformative_prediction_scores_at_chance ... ok
test stats::tests::p2_costs_five_numbers_not_a_window ... ok
test sgd::tests::scaling_rescues_badly_scaled_features ... FAILED
test stats::tests::p2_tracks_a_fat_tailed_quantile_where_sigma_cannot ... ok
test stats::tests::p2_matches_the_empirical_quantile ... ok
test ewridge::tests::session_shrink_reverts_toward_the_long_run ... FAILED
test robust::tests::quantile_tracks_the_requested_quantile ... FAILED
test ewridge::tests::coef0_without_ridge_decay_pulls_forever ... ok

failures:

---- clock::tests::decay_factors stdout ----

thread 'clock::tests::decay_factors' (7506633) panicked at crates/online-core/src/clock.rs:359:9:
assertion failed: (Decay::Halflife(10.0).factor(10.0) - 0.5).abs() < 1e-15
note: run with `RUST_BACKTRACE=1` environment variable to display a backtrace

---- ewridge::tests::coef0_with_ridge_decay_warms_the_start_then_fades stdout ----

thread 'ewridge::tests::coef0_with_ridge_decay_warms_the_start_then_fades' (7506656) panicked at crates/online-core/src/ewridge.rs:712:9:
cold start should sit at the prior: [0.0, 0.0, 0.0]

---- ewridge::tests::coef0_works_with_standardization stdout ----

thread 'ewridge::tests::coef0_works_with_standardization' (7506658) panicked at crates/online-core/src/ewridge.rs:800:9:
expected ~0.02 in original units, got 0

---- ewridge::tests::pred_is_out_of_sample_and_warmup_nan stdout ----

thread 'ewridge::tests::pred_is_out_of_sample_and_warmup_nan' (7506661) panicked at crates/online-core/src/ewridge.rs:937:9:
assertion failed: st.pred[0].is_finite()

---- ewridge::tests::null_target_is_predict_only stdout ----

thread 'ewridge::tests::null_target_is_predict_only' (7506660) panicked at crates/online-core/src/ewridge.rs:1097:9:
assertion failed: st.pred[1].is_finite()

---- ewridge::tests::zero_variance_feature_dropped_in_standardized_solve stdout ----

thread 'ewridge::tests::zero_variance_feature_dropped_in_standardized_solve' (7506682) panicked at crates/online-core/src/ewridge.rs:1050:17:
row 11

---- ewridge::tests::state_roundtrip_continues_identically stdout ----

thread 'ewridge::tests::state_roundtrip_continues_identically' (7506681) panicked at crates/online-core/src/ewridge.rs:1077:13:
assertion `left == right` failed
  left: [NaN]
 right: [NaN]

---- ftrl::tests::forgets_on_the_clock stdout ----

thread 'ftrl::tests::forgets_on_the_clock' (7506684) panicked at crates/online-core/src/ftrl.rs:461:9:
after the flip p(x=0.9) should be low, got NaN

---- ftrl::tests::state_roundtrip stdout ----

thread 'ftrl::tests::state_roundtrip' (7506690) panicked at crates/online-core/src/ftrl.rs:481:13:
assertion `left == right` failed
  left: [NaN]
 right: [NaN]

---- ftrl::tests::learns_a_separable_rule stdout ----

thread 'ftrl::tests::learns_a_separable_rule' (7506686) panicked at crates/online-core/src/ftrl.rs:372:9:
p(x=0.9) = NaN

---- ftrl::tests::base_rate_is_learned_by_the_intercept stdout ----

thread 'ftrl::tests::base_rate_is_learned_by_the_intercept' (7506683) panicked at crates/online-core/src/ftrl.rs:404:9:
converged to 0, want ~0.7

---- ftrl::tests::l1_shrinks_noise_features_and_can_zero_everything stdout ----

thread 'ftrl::tests::l1_shrinks_noise_features_and_can_zero_everything' (7506685) panicked at crates/online-core/src/ftrl.rs:426:9:
signal 0 should dominate noise [0.0, 0.0]

---- ftrl::tests::squared_loss_predictions_are_not_probabilities stdout ----

thread 'ftrl::tests::squared_loss_predictions_are_not_probabilities' (7506689) panicked at crates/online-core/src/ftrl.rs:345:9:
squared-loss predictions were squashed into [0, 1]

---- kalman::tests::null_target_is_predict_only stdout ----

thread 'kalman::tests::null_target_is_predict_only' (7506702) panicked at crates/online-core/src/kalman.rs:699:9:
assertion failed: st.pred[1].is_finite()

---- kalman::tests::state_roundtrip stdout ----

thread 'kalman::tests::state_roundtrip' (7506706) panicked at crates/online-core/src/kalman.rs:677:13:
assertion `left == right` failed
  left: [NaN]
 right: [NaN]

---- lasso::tests::elastic_net_shrinks_less_sparsely stdout ----

thread 'lasso::tests::elastic_net_shrinks_less_sparsely' (7506710) panicked at crates/online-core/src/lasso.rs:502:9:
0

---- ewridge::tests::multi_target_and_grids stdout ----

thread 'ewridge::tests::multi_target_and_grids' (7506659) panicked at crates/online-core/src/ewridge.rs:996:9:
assertion failed: st.pred.iter().all(|p| p.is_finite())

---- lasso::tests::large_penalty_zeroes_coefficients stdout ----

thread 'lasso::tests::large_penalty_zeroes_coefficients' (7506711) panicked at crates/online-core/src/lasso.rs:465:9:
assertion failed: (b[0][1][1] - 1.0).abs() < 1e-6

---- kalman::tests::tracks_a_static_beta stdout ----

thread 'kalman::tests::tracks_a_static_beta' (7506708) panicked at crates/online-core/src/kalman.rs:538:9:
slope0 1.009059359478283

---- lasso::tests::state_roundtrip stdout ----

thread 'lasso::tests::state_roundtrip' (7506713) panicked at crates/online-core/src/lasso.rs:523:13:
assertion `left == right` failed
  left: [NaN, NaN]
 right: [NaN, NaN]

---- kalman::tests::predictive_variance_narrows_with_evidence stdout ----

thread 'kalman::tests::predictive_variance_narrows_with_evidence' (7506704) panicked at crates/online-core/src/kalman.rs:639:9:
assertion failed: early.is_finite() && late.is_finite()

---- ewridge::tests::recovers_static_beta stdout ----

thread 'ewridge::tests::recovers_static_beta' (7506662) panicked at crates/online-core/src/ewridge.rs:915:9:
intercept 3.483164994172212

---- pa::tests::state_roundtrip stdout ----

thread 'pa::tests::state_roundtrip' (7506724) panicked at crates/online-core/src/pa.rs:387:13:
assertion `left == right` failed
  left: [NaN]
 right: [NaN]

---- ftrl::tests::squared_loss_fits_a_continuous_target stdout ----

thread 'ftrl::tests::squared_loss_fits_a_continuous_target' (7506688) panicked at crates/online-core/src/ftrl.rs:321:9:
slope0 0.20120155704856482

---- lasso::tests::zero_penalty_matches_ols stdout ----

thread 'lasso::tests::zero_penalty_matches_ols' (7506714) panicked at crates/online-core/src/lasso.rs:444:9:
intercept -0.010081946174175904

---- kalman::tests::tracks_a_drifting_beta_better_than_a_pinned_one stdout ----

thread 'kalman::tests::tracks_a_drifting_beta_better_than_a_pinned_one' (7506707) panicked at crates/online-core/src/kalman.rs:568:9:
fast 0 should beat pinned 0

---- robust::tests::state_roundtrip stdout ----

thread 'robust::tests::state_roundtrip' (7506734) panicked at crates/online-core/src/robust.rs:525:13:
assertion `left == right` failed
  left: [NaN]
 right: [NaN]

---- rls::tests::agrees_with_ewridge_solved_every_row stdout ----

thread 'rls::tests::agrees_with_ewridge_solved_every_row' (7506725) panicked at crates/online-core/src/rls.rs:292:9:
max pred difference 313.92318658061106

---- robust::tests::huber_resists_outliers_that_break_least_squares stdout ----

thread 'robust::tests::huber_resists_outliers_that_break_least_squares' (7506730) panicked at crates/online-core/src/robust.rs:440:9:
huber -0.000000004547473512759076 should beat ols -0.000000004547473512759076 (truth 2.0)

---- sgd::tests::state_roundtrip stdout ----

thread 'sgd::tests::state_roundtrip' (7506751) panicked at crates/online-core/src/sgd.rs:757:13:
assertion `left == right` failed
  left: [NaN]
 right: [NaN]

---- robust::tests::huber_matches_least_squares_without_outliers stdout ----

thread 'robust::tests::huber_matches_least_squares_without_outliers' (7506729) panicked at crates/online-core/src/robust.rs:458:9:
assertion failed: (b[0] - 0.25).abs() < 1e-6

---- sgd::tests::adagrad_and_inv_scaling_also_converge stdout ----

thread 'sgd::tests::adagrad_and_inv_scaling_also_converge' (7506735) panicked at crates/online-core/src/sgd.rs:667:13:
AdaGrad: slope0 3.0015637228002934

---- sgd::tests::scaling_reports_coefficients_in_the_callers_units stdout ----

thread 'sgd::tests::scaling_reports_coefficients_in_the_callers_units' (7506748) panicked at crates/online-core/src/sgd.rs:471:9:
slope in original units: 76681954702.09293

---- sgd::tests::scaling_rescues_badly_scaled_features stdout ----

thread 'sgd::tests::scaling_rescues_badly_scaled_features' (7506749) panicked at crates/online-core/src/sgd.rs:450:9:
scaled [-2329669128225.131, -6579635773.280766, 59779533.65388722] should beat unscaled [-8849626451.313583, 5975599230.134771, -2343060390.0213556] (truth [_, 0.002, 900])

---- ewridge::tests::session_shrink_reverts_toward_the_long_run stdout ----

thread 'ewridge::tests::session_shrink_reverts_toward_the_long_run' (7506669) panicked at crates/online-core/src/ewridge.rs:840:9:
assertion failed: before_plain < -0.5 && before_shrunk < -0.5

---- robust::tests::quantile_tracks_the_requested_quantile stdout ----

thread 'robust::tests::quantile_tracks_the_requested_quantile' (7506731) panicked at crates/online-core/src/robust.rs:484:9:
quantile levels out of order: 2.9052655959606204 2.9052655959606204 2.9052655959606204


failures:
    clock::tests::decay_factors
    ewridge::tests::coef0_with_ridge_decay_warms_the_start_then_fades
    ewridge::tests::coef0_works_with_standardization
    ewridge::tests::multi_target_and_grids
    ewridge::tests::null_target_is_predict_only
    ewridge::tests::pred_is_out_of_sample_and_warmup_nan
    ewridge::tests::recovers_static_beta
    ewridge::tests::session_shrink_reverts_toward_the_long_run
    ewridge::tests::state_roundtrip_continues_identically
    ewridge::tests::zero_variance_feature_dropped_in_standardized_solve
    ftrl::tests::base_rate_is_learned_by_the_intercept
    ftrl::tests::forgets_on_the_clock
    ftrl::tests::l1_shrinks_noise_features_and_can_zero_everything
    ftrl::tests::learns_a_separable_rule
    ftrl::tests::squared_loss_fits_a_continuous_target
    ftrl::tests::squared_loss_predictions_are_not_probabilities
    ftrl::tests::state_roundtrip
    kalman::tests::null_target_is_predict_only
    kalman::tests::predictive_variance_narrows_with_evidence
    kalman::tests::state_roundtrip
    kalman::tests::tracks_a_drifting_beta_better_than_a_pinned_one
    kalman::tests::tracks_a_static_beta
    lasso::tests::elastic_net_shrinks_less_sparsely
    lasso::tests::large_penalty_zeroes_coefficients
    lasso::tests::state_roundtrip
    lasso::tests::zero_penalty_matches_ols
    pa::tests::state_roundtrip
    rls::tests::agrees_with_ewridge_solved_every_row
    robust::tests::huber_matches_least_squares_without_outliers
    robust::tests::huber_resists_outliers_that_break_least_squares
    robust::tests::quantile_tracks_the_requested_quantile
    robust::tests::state_roundtrip
    sgd::tests::adagrad_and_inv_scaling_also_converge
    sgd::tests::scaling_reports_coefficients_in_the_callers_units
    sgd::tests::scaling_rescues_badly_scaled_features
    sgd::tests::state_roundtrip

test result: FAILED. 89 passed; 36 failed; 0 ignored; 0 measured; 0 filtered out; finished in 0.92s

error: test failed, to rerun pass `-p online-core --lib`

*** result: Failure(101)
