
*** crates/online-core/src/drift.rs:67:23: replace - with + in PageHinkley::update

*** mutation diff:
--- crates/online-core/src/drift.rs
+++ replace - with + in PageHinkley::update
@@ -59,17 +59,17 @@
     /// Feed one error value. Returns true when drift is detected, and clears
     /// the state so detection restarts from the new regime.
     pub fn update(&mut self, e: f64) -> bool {
         if !e.is_finite() {
             return false;
         }
         self.n += 1.0;
         self.mean += (e - self.mean) / self.n;
-        self.cum += e - self.mean - self.delta;
+        self.cum += e + /* ~ changed by cargo-mutants ~ */ self.mean - self.delta;
         if self.cum < self.min_cum {
             self.min_cum = self.cum;
         }
         if self.statistic() > self.threshold {
             self.reset();
             true
         } else {
             false


*** /Users/hgilde/.rustup/toolchains/stable-aarch64-apple-darwin/bin/cargo test --no-run --verbose --package=online-core@0.1.0
       Fresh unicode-ident v1.0.24
       Fresh autocfg v1.5.1
       Fresh rand_core v0.6.4
       Fresh bytemuck v1.25.2
       Fresh cfg-if v1.0.4
       Fresh nano-gemm-codegen v0.2.1
       Fresh version_check v0.9.5
       Fresh proc-macro2 v1.0.107
       Fresh rand v0.8.8
       Fresh pulp-wasm-simd-flag v0.1.1
       Fresh reborrow v0.5.5
       Fresh quote v1.0.47
       Fresh libm v0.2.16
       Fresh crossbeam-utils v0.8.22
       Fresh libc v0.2.189
       Fresh paste v1.0.15
       Fresh dyn-stack-macros v0.1.3
       Fresh byteorder v1.5.0
       Fresh either v1.18.0
       Fresh heck v0.5.0
       Fresh bitflags v2.13.1
       Fresh ucd-trie v0.1.7
       Fresh num-traits v0.2.19
       Fresh syn v2.0.119
       Fresh crossbeam-epoch v0.9.20
       Fresh dyn-stack v0.13.2
       Fresh raw-cpuid v11.6.0
       Fresh once_cell v1.21.4
       Fresh memchr v2.8.3
       Fresh seq-macro v0.3.6
       Fresh nano-gemm-core v0.2.1
       Fresh syn v3.0.4
       Fresh num-complex v0.4.6
       Fresh crossbeam-deque v0.8.7
       Fresh thiserror-impl v1.0.69
       Fresh enum-as-inner v0.6.1
       Fresh pest v2.9.0
       Fresh num-integer v0.1.47
       Fresh equator-macro v0.2.1
       Fresh equator-macro v0.4.2
       Fresh pulp v0.22.3
       Fresh rayon-core v1.13.0
       Fresh thiserror v1.0.69
       Fresh getrandom v0.3.4
       Fresh pest_meta v2.9.0
       Fresh zerocopy v0.8.56
       Fresh num-bigint v0.4.8
       Fresh crossbeam-queue v0.3.13
       Fresh crossbeam-channel v0.5.16
       Fresh equator v0.4.2
       Fresh equator v0.2.2
       Fresh nano-gemm-f64 v0.2.1
       Fresh rayon v1.12.0
       Fresh sysctl v0.6.0
       Fresh pest_generator v2.9.0
       Fresh rand_core v0.9.5
       Fresh ppv-lite86 v0.2.21
       Fresh serde_core v1.0.229
       Fresh nano-gemm-f32 v0.2.1
       Fresh crossbeam v0.8.4
       Fresh qd v0.8.0
       Fresh nano-gemm-c32 v0.2.1
       Fresh nano-gemm-c64 v0.2.1
       Fresh serde_derive v1.0.229
       Fresh generativity v1.2.1
       Fresh atomic-wait v1.1.0
       Fresh gemm-common v0.19.0
       Fresh pest_derive v2.9.0
       Fresh rand_chacha v0.9.0
       Fresh equator-macro v0.6.0
       Fresh serde v1.0.229
       Fresh nano-gemm v0.2.2
       Fresh spindle v0.2.6
       Fresh faer-traits v0.24.0
       Fresh thiserror-impl v2.0.20
       Fresh rmp v0.8.15
       Fresh py_literal v0.4.0
       Fresh gemm-f32 v0.19.0
       Fresh gemm-c32 v0.19.0
       Fresh gemm-f64 v0.19.0
       Fresh rand v0.9.5
       Fresh gemm-c64 v0.19.0
       Fresh equator v0.6.0
       Fresh rmp-serde v1.3.1
       Fresh gemm v0.19.0
       Fresh rand_distr v0.5.1
       Fresh npyz v0.8.4
       Fresh thiserror v2.0.20
       Fresh faer v0.24.4
       Dirty online-core v0.1.0 (/private/var/folders/5r/77k2t1vx1n50m75ysyl_z0qc0000gn/T/cargo-mutants-polars-online-cHk5aS.tmp/crates/online-core): the file `crates/online-core/src/drift.rs` has changed (1788127804.347871192s, 21s after last build at 1788127783.664939692s)
   Compiling online-core v0.1.0 (/private/var/folders/5r/77k2t1vx1n50m75ysyl_z0qc0000gn/T/cargo-mutants-polars-online-cHk5aS.tmp/crates/online-core)
     Running `/Users/hgilde/.rustup/toolchains/stable-aarch64-apple-darwin/bin/rustc --crate-name online_core --edition=2024 crates/online-core/src/lib.rs --error-format=json --json=diagnostic-rendered-ansi,artifacts,future-incompat --emit=dep-info,link -C embed-bitcode=no -C debuginfo=2 -C split-debuginfo=unpacked --forbid=unsafe_code --test --check-cfg 'cfg(docsrs,test)' --check-cfg 'cfg(feature, values())' -C metadata=fece7fae37409fbc -C extra-filename=-320c102427365a1c --out-dir /private/var/folders/5r/77k2t1vx1n50m75ysyl_z0qc0000gn/T/cargo-mutants-polars-online-cHk5aS.tmp/target/debug/deps -C incremental=/private/var/folders/5r/77k2t1vx1n50m75ysyl_z0qc0000gn/T/cargo-mutants-polars-online-cHk5aS.tmp/target/debug/incremental -L dependency=/private/var/folders/5r/77k2t1vx1n50m75ysyl_z0qc0000gn/T/cargo-mutants-polars-online-cHk5aS.tmp/target/debug/deps --extern faer=/private/var/folders/5r/77k2t1vx1n50m75ysyl_z0qc0000gn/T/cargo-mutants-polars-online-cHk5aS.tmp/target/debug/deps/libfaer-e2203ff9ddb23b39.rlib --extern rmp_serde=/private/var/folders/5r/77k2t1vx1n50m75ysyl_z0qc0000gn/T/cargo-mutants-polars-online-cHk5aS.tmp/target/debug/deps/librmp_serde-37cb619faf3b57fb.rlib --extern serde=/private/var/folders/5r/77k2t1vx1n50m75ysyl_z0qc0000gn/T/cargo-mutants-polars-online-cHk5aS.tmp/target/debug/deps/libserde-75ed40aefdc41108.rlib --extern thiserror=/private/var/folders/5r/77k2t1vx1n50m75ysyl_z0qc0000gn/T/cargo-mutants-polars-online-cHk5aS.tmp/target/debug/deps/libthiserror-0c7fe80d0d5d62dd.rlib`
     Running `/Users/hgilde/.rustup/toolchains/stable-aarch64-apple-darwin/bin/rustc --crate-name online_core --edition=2024 crates/online-core/src/lib.rs --error-format=json --json=diagnostic-rendered-ansi,artifacts,future-incompat --crate-type lib --emit=dep-info,metadata,link -C embed-bitcode=no -C debuginfo=2 -C split-debuginfo=unpacked --forbid=unsafe_code --check-cfg 'cfg(docsrs,test)' --check-cfg 'cfg(feature, values())' -C metadata=2cddee2a5cd3865b -C extra-filename=-f41f310313954398 --out-dir /private/var/folders/5r/77k2t1vx1n50m75ysyl_z0qc0000gn/T/cargo-mutants-polars-online-cHk5aS.tmp/target/debug/deps -C incremental=/private/var/folders/5r/77k2t1vx1n50m75ysyl_z0qc0000gn/T/cargo-mutants-polars-online-cHk5aS.tmp/target/debug/incremental -L dependency=/private/var/folders/5r/77k2t1vx1n50m75ysyl_z0qc0000gn/T/cargo-mutants-polars-online-cHk5aS.tmp/target/debug/deps --extern faer=/private/var/folders/5r/77k2t1vx1n50m75ysyl_z0qc0000gn/T/cargo-mutants-polars-online-cHk5aS.tmp/target/debug/deps/libfaer-e2203ff9ddb23b39.rmeta --extern serde=/private/var/folders/5r/77k2t1vx1n50m75ysyl_z0qc0000gn/T/cargo-mutants-polars-online-cHk5aS.tmp/target/debug/deps/libserde-75ed40aefdc41108.rmeta --extern thiserror=/private/var/folders/5r/77k2t1vx1n50m75ysyl_z0qc0000gn/T/cargo-mutants-polars-online-cHk5aS.tmp/target/debug/deps/libthiserror-0c7fe80d0d5d62dd.rmeta`
     Running `/Users/hgilde/.rustup/toolchains/stable-aarch64-apple-darwin/bin/rustc --crate-name golden --edition=2024 crates/online-core/tests/golden.rs --error-format=json --json=diagnostic-rendered-ansi,artifacts,future-incompat --emit=dep-info,link -C embed-bitcode=no -C debuginfo=2 -C split-debuginfo=unpacked --forbid=unsafe_code --test --check-cfg 'cfg(docsrs,test)' --check-cfg 'cfg(feature, values())' -C metadata=df9811e927737b4c -C extra-filename=-5b0576e2ec99f20a --out-dir /private/var/folders/5r/77k2t1vx1n50m75ysyl_z0qc0000gn/T/cargo-mutants-polars-online-cHk5aS.tmp/target/debug/deps -C incremental=/private/var/folders/5r/77k2t1vx1n50m75ysyl_z0qc0000gn/T/cargo-mutants-polars-online-cHk5aS.tmp/target/debug/incremental -L dependency=/private/var/folders/5r/77k2t1vx1n50m75ysyl_z0qc0000gn/T/cargo-mutants-polars-online-cHk5aS.tmp/target/debug/deps --extern faer=/private/var/folders/5r/77k2t1vx1n50m75ysyl_z0qc0000gn/T/cargo-mutants-polars-online-cHk5aS.tmp/target/debug/deps/libfaer-e2203ff9ddb23b39.rlib --extern online_core=/private/var/folders/5r/77k2t1vx1n50m75ysyl_z0qc0000gn/T/cargo-mutants-polars-online-cHk5aS.tmp/target/debug/deps/libonline_core-f41f310313954398.rlib --extern rmp_serde=/private/var/folders/5r/77k2t1vx1n50m75ysyl_z0qc0000gn/T/cargo-mutants-polars-online-cHk5aS.tmp/target/debug/deps/librmp_serde-37cb619faf3b57fb.rlib --extern serde=/private/var/folders/5r/77k2t1vx1n50m75ysyl_z0qc0000gn/T/cargo-mutants-polars-online-cHk5aS.tmp/target/debug/deps/libserde-75ed40aefdc41108.rlib --extern thiserror=/private/var/folders/5r/77k2t1vx1n50m75ysyl_z0qc0000gn/T/cargo-mutants-polars-online-cHk5aS.tmp/target/debug/deps/libthiserror-0c7fe80d0d5d62dd.rlib`
    Finished `test` profile [unoptimized + debuginfo] target(s) in 0.70s
  Executable `/private/var/folders/5r/77k2t1vx1n50m75ysyl_z0qc0000gn/T/cargo-mutants-polars-online-cHk5aS.tmp/target/debug/deps/online_core-320c102427365a1c`
  Executable `/private/var/folders/5r/77k2t1vx1n50m75ysyl_z0qc0000gn/T/cargo-mutants-polars-online-cHk5aS.tmp/target/debug/deps/golden-5b0576e2ec99f20a`

*** result: Success

*** /Users/hgilde/.rustup/toolchains/stable-aarch64-apple-darwin/bin/cargo test --verbose --package=online-core@0.1.0
       Fresh unicode-ident v1.0.24
       Fresh autocfg v1.5.1
       Fresh bytemuck v1.25.2
       Fresh rand_core v0.6.4
       Fresh cfg-if v1.0.4
       Fresh nano-gemm-codegen v0.2.1
       Fresh version_check v0.9.5
       Fresh proc-macro2 v1.0.107
       Fresh rand v0.8.8
       Fresh pulp-wasm-simd-flag v0.1.1
       Fresh reborrow v0.5.5
       Fresh quote v1.0.47
       Fresh libm v0.2.16
       Fresh crossbeam-utils v0.8.22
       Fresh libc v0.2.189
       Fresh paste v1.0.15
       Fresh bitflags v2.13.1
       Fresh heck v0.5.0
       Fresh either v1.18.0
       Fresh byteorder v1.5.0
       Fresh dyn-stack-macros v0.1.3
       Fresh seq-macro v0.3.6
       Fresh num-traits v0.2.19
       Fresh syn v2.0.119
       Fresh crossbeam-epoch v0.9.20
       Fresh dyn-stack v0.13.2
       Fresh raw-cpuid v11.6.0
       Fresh once_cell v1.21.4
       Fresh ucd-trie v0.1.7
       Fresh memchr v2.8.3
       Fresh nano-gemm-core v0.2.1
       Fresh syn v3.0.4
       Fresh num-complex v0.4.6
       Fresh crossbeam-deque v0.8.7
       Fresh thiserror-impl v1.0.69
       Fresh enum-as-inner v0.6.1
       Fresh pest v2.9.0
       Fresh num-integer v0.1.47
       Fresh equator-macro v0.4.2
       Fresh equator-macro v0.2.1
       Fresh pulp v0.22.3
       Fresh rayon-core v1.13.0
       Fresh thiserror v1.0.69
       Fresh zerocopy v0.8.56
       Fresh getrandom v0.3.4
       Fresh pest_meta v2.9.0
       Fresh num-bigint v0.4.8
       Fresh crossbeam-channel v0.5.16
       Fresh crossbeam-queue v0.3.13
       Fresh nano-gemm-f64 v0.2.1
       Fresh equator v0.2.2
       Fresh nano-gemm-c32 v0.2.1
       Fresh rayon v1.12.0
       Fresh sysctl v0.6.0
       Fresh ppv-lite86 v0.2.21
       Fresh pest_generator v2.9.0
       Fresh rand_core v0.9.5
       Fresh crossbeam v0.8.4
       Fresh qd v0.8.0
       Fresh serde_core v1.0.229
       Fresh nano-gemm-f32 v0.2.1
       Fresh nano-gemm-c64 v0.2.1
       Fresh equator v0.4.2
       Fresh serde_derive v1.0.229
       Fresh atomic-wait v1.1.0
       Fresh gemm-common v0.19.0
       Fresh rand_chacha v0.9.0
       Fresh pest_derive v2.9.0
       Fresh equator-macro v0.6.0
       Fresh generativity v1.2.1
       Fresh nano-gemm v0.2.2
       Fresh serde v1.0.229
       Fresh spindle v0.2.6
       Fresh thiserror-impl v2.0.20
       Fresh rmp v0.8.15
       Fresh rand v0.9.5
       Fresh gemm-f32 v0.19.0
       Fresh gemm-c32 v0.19.0
       Fresh gemm-f64 v0.19.0
       Fresh gemm-c64 v0.19.0
       Fresh py_literal v0.4.0
       Fresh equator v0.6.0
       Fresh faer-traits v0.24.0
       Fresh thiserror v2.0.20
       Fresh rmp-serde v1.3.1
       Fresh rand_distr v0.5.1
       Fresh gemm v0.19.0
       Fresh npyz v0.8.4
       Fresh faer v0.24.4
       Fresh online-core v0.1.0 (/private/var/folders/5r/77k2t1vx1n50m75ysyl_z0qc0000gn/T/cargo-mutants-polars-online-cHk5aS.tmp/crates/online-core)
    Finished `test` profile [unoptimized + debuginfo] target(s) in 0.07s
     Running `/private/var/folders/5r/77k2t1vx1n50m75ysyl_z0qc0000gn/T/cargo-mutants-polars-online-cHk5aS.tmp/target/debug/deps/online_core-320c102427365a1c`

running 125 tests
test clock::tests::error_policy_reports_a_backwards_clock ... ok
test clock::tests::row_count_clock ... ok
test clock::tests::decay_factors ... ok
test clock::tests::session_change_is_reported_separately_from_reset ... ok
test clock::tests::duplicate_clock_values_are_zero_deltas ... ok
test clock::tests::session_gap_overrides_delta ... ok
test clock::tests::skipped_rows_fold_into_pending ... ok
test clock::tests::caps_and_negative_deltas ... ok
test drift::tests::detects_a_step_change_in_error ... ok
test drift::tests::a_bigger_threshold_is_slower ... ok
test drift::tests::non_finite_values_are_ignored ... ok
test drift::tests::resets_after_detecting ... ok
test ewcov::tests::matches_direct_computation ... ok
test drift::tests::quiet_stream_does_not_drift ... FAILED
test drift::tests::delta_absorbs_small_shifts ... FAILED
test ewcov::tests::no_inverse_by_default ... ok
test ewcov::tests::pure_decay_keeps_means ... ok
test ewcov::tests::with_inverse_rejects_a_non_positive_prior ... ok
test ewcov::tests::cov_and_var_are_centered ... ok
test ewridge::tests::coef0_shape_is_validated ... ok
test ewcov::tests::tracked_inverse_matches_a_from_scratch_solve ... ok
test ewcov::tests::serde_roundtrip ... ok
test ewridge::tests::session_shrink_config_is_validated ... ok
test ewridge::tests::solve_schedule_staleness ... ok
test ewridge::tests::pred_is_out_of_sample_and_warmup_nan ... ok
test ewridge::tests::zero_variance_feature_dropped_in_standardized_solve ... ok
test ewridge::tests::null_target_is_predict_only ... ok
test ewridge::tests::state_roundtrip_continues_identically ... ok
test ewridge::tests::coef0_shrinks_toward_the_prior_not_zero ... ok
test ftrl::tests::forgets_on_the_clock ... ok
test ftrl::tests::predictions_are_probabilities ... ok
test ewridge::tests::standardize_matches_plain_when_ridge_tiny ... ok
test ftrl::tests::base_rate_is_learned_by_the_intercept ... ok
test ftrl::tests::learns_a_separable_rule ... ok
test ftrl::tests::state_roundtrip ... ok
test holt::tests::a_pinned_trend_is_a_plain_ew_level ... ok
test ftrl::tests::strict_binary_is_rejected_for_the_squared_loss ... ok
test holt::tests::extrapolates_a_linear_trend ... ok
test holt::tests::an_irregular_clock_extrapolates_the_right_distance ... ok
test holt::tests::first_value_seeds_the_level ... ok
test holt::tests::null_target_is_predict_only ... ok
test holt::tests::rejects_bad_config ... ok
test holt::tests::state_roundtrip ... ok
test holt::tests::tracks_a_constant_level ... ok
test kalman::tests::explicit_q_overrides_halflife ... ok
test kalman::tests::null_target_is_predict_only ... ok
test kalman::tests::infinite_halflife_pins_the_coefficient ... ok
test ewridge::tests::recovers_static_beta ... ok
test ftrl::tests::l1_shrinks_noise_features_and_can_zero_everything ... ok
test kalman::tests::predictive_variance_exceeds_the_observation_noise ... ok
test ftrl::tests::squared_loss_predictions_are_not_probabilities ... ok
test kalman::tests::state_roundtrip ... ok
test ewridge::tests::coef0_works_with_standardization ... ok
test kalman::tests::share_p_keeps_one_covariance ... ok
test kalman::tests::unstandardized_with_no_process_noise_is_bayesian_regression ... ok
test ftrl::tests::squared_loss_fits_a_continuous_target ... ok
test lasso::tests::elastic_net_shrinks_less_sparsely ... ok
test lasso::tests::large_penalty_zeroes_coefficients ... ok
test kalman::tests::predictive_variance_narrows_with_evidence ... ok
test lasso::tests::state_roundtrip ... ok
test model::tests::schema_check ... ok
test pa::tests::c_caps_the_aggressiveness ... ok
test pa::tests::null_target_is_predict_only ... ok
test pa::tests::passive_inside_the_tube ... ok
test pa::tests::plain_pa_satisfies_the_constraint_exactly ... ok
test lasso::tests::zero_penalty_matches_ols ... ok
test pa::tests::bounded_variants_resist_an_outlier ... ok
test kalman::tests::tracks_a_static_beta ... ok
test pa::tests::rejects_bad_config ... ok
test pa::tests::row_weight_scales_the_step ... ok
test ewridge::tests::multi_target_and_grids ... ok
test rls::tests::null_target_is_predict_only ... ok
test pa::tests::state_roundtrip ... ok
test rls::tests::state_roundtrip ... ok
test rls::tests::recovers_static_beta ... ok
test ewcov::tests::partial_correlation_detects_a_spurious_link ... ok
test robust::tests::rejects_bad_config ... ok
test pa::tests::recovers_a_noiseless_relationship ... ok
test kalman::tests::tracks_a_drifting_beta_better_than_a_pinned_one ... ok
test sgd::tests::clip_gradient_bounds_the_step ... ok
test robust::tests::state_roundtrip ... ok
test robust::tests::huber_matches_least_squares_without_outliers ... ok
test robust::tests::reweighting_uses_the_prior_residual_only ... ok
test sgd::tests::epsilon_insensitive_ignores_residuals_inside_the_tube ... ok
test lasso::tests::selects_sparse_lambda_when_features_are_noise ... ok
test sgd::tests::poisson_diverges_without_gradient_clipping ... ok
test sgd::tests::null_target_is_predict_only ... ok
test rls::tests::agrees_with_ewridge_solved_every_row ... ok
test sgd::tests::l2_shrinks_toward_zero ... ok
test sgd::tests::rejects_bad_config ... ok
test sgd::tests::scaling_is_out_of_sample ... ok
test robust::tests::huber_resists_outliers_that_break_least_squares ... ok
test sgd::tests::poisson_predictions_are_non_negative ... ok
test sgd::tests::state_roundtrip ... ok
test solve::tests::jitters_singular_matrix ... ok
test stats::metric_tests::a_perfect_prediction_scores_perfectly ... ok
test sgd::tests::squared_loss_recovers_the_coefficients ... ok
test solve::tests::solves_well_conditioned ... ok
test sgd::tests::epsilon_insensitive_needs_an_annealed_rate_to_settle ... ok
test sgd::tests::poisson_loss_recovers_a_log_rate ... ok
test sgd::tests::huber_resists_outliers ... ok
test sgd::tests::quantile_loss_tracks_the_level ... ok
test sgd::tests::scaling_reports_coefficients_in_the_callers_units ... ok
test stats::metric_tests::nothing_is_reported_before_any_row ... ok
test sgd::tests::adagrad_and_inv_scaling_also_converge ... ok
test stats::metric_tests::unscored_rows_are_ignored_not_counted_as_zero ... ok
test stats::tests::autocorr_detects_a_persistent_series ... ok
test stats::tests::autocorr_detects_alternation ... ok
test stats::metric_tests::decay_lets_it_forget_an_old_regime ... ok
test stats::tests::autocorr_is_near_zero_for_noise ... ok
test stats::tests::autocorr_rejects_lag_zero ... ok
test stats::tests::p2_is_none_before_five_points ... ok
test stats::metric_tests::a_worse_than_mean_prediction_scores_negative_r2 ... ok
test stats::tests::p2_rejects_bad_levels ... ok
test stats::metric_tests::a_sign_flip_shows_up_as_negative_ic_and_low_hit_rate ... ok
test sgd::tests::scaling_rescues_badly_scaled_features ... ok
test stats::metric_tests::an_uninformative_prediction_scores_at_chance ... ok
test stats::tests::p2_costs_five_numbers_not_a_window ... ok
test stats::metric_tests::predicting_the_mean_scores_zero_r2 ... ok
test stats::tests::p2_tracks_a_fat_tailed_quantile_where_sigma_cannot ... ok
test stats::tests::p2_matches_the_empirical_quantile ... ok
test ewridge::tests::session_shrink_reverts_toward_the_long_run ... ok
test robust::tests::quantile_tracks_the_requested_quantile ... ok
