
*** crates/online-core/src/drift.rs:67:23: replace - with / in PageHinkley::update

*** mutation diff:
--- crates/online-core/src/drift.rs
+++ replace - with / in PageHinkley::update
@@ -59,17 +59,17 @@
     /// Feed one error value. Returns true when drift is detected, and clears
     /// the state so detection restarts from the new regime.
     pub fn update(&mut self, e: f64) -> bool {
         if !e.is_finite() {
             return false;
         }
         self.n += 1.0;
         self.mean += (e - self.mean) / self.n;
-        self.cum += e - self.mean - self.delta;
+        self.cum += e / /* ~ changed by cargo-mutants ~ */ self.mean - self.delta;
         if self.cum < self.min_cum {
             self.min_cum = self.cum;
         }
         if self.statistic() > self.threshold {
             self.reset();
             true
         } else {
             false


*** /Users/hgilde/.rustup/toolchains/stable-aarch64-apple-darwin/bin/cargo test --no-run --verbose --package=online-core@0.1.0
       Fresh unicode-ident v1.0.24
       Fresh autocfg v1.5.1
       Fresh bytemuck v1.25.2
       Fresh rand_core v0.6.4
       Fresh cfg-if v1.0.4
       Fresh nano-gemm-codegen v0.2.1
       Fresh version_check v0.9.5
       Fresh proc-macro2 v1.0.107
       Fresh rand v0.8.8
       Fresh pulp-wasm-simd-flag v0.1.1
       Fresh reborrow v0.5.5
       Fresh quote v1.0.47
       Fresh libm v0.2.16
       Fresh crossbeam-utils v0.8.22
       Fresh libc v0.2.189
       Fresh paste v1.0.15
       Fresh dyn-stack-macros v0.1.3
       Fresh bitflags v2.13.1
       Fresh heck v0.5.0
       Fresh byteorder v1.5.0
       Fresh either v1.18.0
       Fresh syn v2.0.119
       Fresh num-traits v0.2.19
       Fresh crossbeam-epoch v0.9.20
       Fresh dyn-stack v0.13.2
       Fresh raw-cpuid v11.6.0
       Fresh ucd-trie v0.1.7
       Fresh once_cell v1.21.4
       Fresh memchr v2.8.3
       Fresh seq-macro v0.3.6
       Fresh nano-gemm-core v0.2.1
       Fresh syn v3.0.4
       Fresh num-complex v0.4.6
       Fresh crossbeam-deque v0.8.7
       Fresh thiserror-impl v1.0.69
       Fresh enum-as-inner v0.6.1
       Fresh pest v2.9.0
       Fresh getrandom v0.3.4
       Fresh num-integer v0.1.47
       Fresh equator-macro v0.2.1
       Fresh equator-macro v0.4.2
       Fresh rayon-core v1.13.0
       Fresh pulp v0.22.3
       Fresh thiserror v1.0.69
       Fresh pest_meta v2.9.0
       Fresh zerocopy v0.8.56
       Fresh rand_core v0.9.5
       Fresh num-bigint v0.4.8
       Fresh crossbeam-channel v0.5.16
       Fresh crossbeam-queue v0.3.13
       Fresh nano-gemm-c64 v0.2.1
       Fresh equator v0.4.2
       Fresh rayon v1.12.0
       Fresh sysctl v0.6.0
       Fresh pest_generator v2.9.0
       Fresh ppv-lite86 v0.2.21
       Fresh nano-gemm-c32 v0.2.1
       Fresh nano-gemm-f32 v0.2.1
       Fresh serde_core v1.0.229
       Fresh crossbeam v0.8.4
       Fresh qd v0.8.0
       Fresh nano-gemm-f64 v0.2.1
       Fresh equator v0.2.2
       Fresh serde_derive v1.0.229
       Fresh equator-macro v0.6.0
       Fresh generativity v1.2.1
       Fresh gemm-common v0.19.0
       Fresh pest_derive v2.9.0
       Fresh rand_chacha v0.9.0
       Fresh atomic-wait v1.1.0
       Fresh nano-gemm v0.2.2
       Fresh equator v0.6.0
       Fresh faer-traits v0.24.0
       Fresh serde v1.0.229
       Fresh thiserror-impl v2.0.20
       Fresh rmp v0.8.15
       Fresh gemm-f32 v0.19.0
       Fresh rand v0.9.5
       Fresh gemm-f64 v0.19.0
       Fresh gemm-c64 v0.19.0
       Fresh gemm-c32 v0.19.0
       Fresh py_literal v0.4.0
       Fresh spindle v0.2.6
       Fresh rmp-serde v1.3.1
       Fresh gemm v0.19.0
       Fresh npyz v0.8.4
       Fresh rand_distr v0.5.1
       Fresh thiserror v2.0.20
       Fresh faer v0.24.4
       Dirty online-core v0.1.0 (/private/var/folders/5r/77k2t1vx1n50m75ysyl_z0qc0000gn/T/cargo-mutants-polars-online-ei4O8O.tmp/crates/online-core): the file `crates/online-core/src/drift.rs` has changed (1788127805.382304835s, 21s after last build at 1788127784.693154517s)
   Compiling online-core v0.1.0 (/private/var/folders/5r/77k2t1vx1n50m75ysyl_z0qc0000gn/T/cargo-mutants-polars-online-ei4O8O.tmp/crates/online-core)
     Running `/Users/hgilde/.rustup/toolchains/stable-aarch64-apple-darwin/bin/rustc --crate-name online_core --edition=2024 crates/online-core/src/lib.rs --error-format=json --json=diagnostic-rendered-ansi,artifacts,future-incompat --emit=dep-info,link -C embed-bitcode=no -C debuginfo=2 -C split-debuginfo=unpacked --forbid=unsafe_code --test --check-cfg 'cfg(docsrs,test)' --check-cfg 'cfg(feature, values())' -C metadata=fece7fae37409fbc -C extra-filename=-320c102427365a1c --out-dir /private/var/folders/5r/77k2t1vx1n50m75ysyl_z0qc0000gn/T/cargo-mutants-polars-online-ei4O8O.tmp/target/debug/deps -C incremental=/private/var/folders/5r/77k2t1vx1n50m75ysyl_z0qc0000gn/T/cargo-mutants-polars-online-ei4O8O.tmp/target/debug/incremental -L dependency=/private/var/folders/5r/77k2t1vx1n50m75ysyl_z0qc0000gn/T/cargo-mutants-polars-online-ei4O8O.tmp/target/debug/deps --extern faer=/private/var/folders/5r/77k2t1vx1n50m75ysyl_z0qc0000gn/T/cargo-mutants-polars-online-ei4O8O.tmp/target/debug/deps/libfaer-e2203ff9ddb23b39.rlib --extern rmp_serde=/private/var/folders/5r/77k2t1vx1n50m75ysyl_z0qc0000gn/T/cargo-mutants-polars-online-ei4O8O.tmp/target/debug/deps/librmp_serde-37cb619faf3b57fb.rlib --extern serde=/private/var/folders/5r/77k2t1vx1n50m75ysyl_z0qc0000gn/T/cargo-mutants-polars-online-ei4O8O.tmp/target/debug/deps/libserde-75ed40aefdc41108.rlib --extern thiserror=/private/var/folders/5r/77k2t1vx1n50m75ysyl_z0qc0000gn/T/cargo-mutants-polars-online-ei4O8O.tmp/target/debug/deps/libthiserror-0c7fe80d0d5d62dd.rlib`
     Running `/Users/hgilde/.rustup/toolchains/stable-aarch64-apple-darwin/bin/rustc --crate-name online_core --edition=2024 crates/online-core/src/lib.rs --error-format=json --json=diagnostic-rendered-ansi,artifacts,future-incompat --crate-type lib --emit=dep-info,metadata,link -C embed-bitcode=no -C debuginfo=2 -C split-debuginfo=unpacked --forbid=unsafe_code --check-cfg 'cfg(docsrs,test)' --check-cfg 'cfg(feature, values())' -C metadata=2cddee2a5cd3865b -C extra-filename=-f41f310313954398 --out-dir /private/var/folders/5r/77k2t1vx1n50m75ysyl_z0qc0000gn/T/cargo-mutants-polars-online-ei4O8O.tmp/target/debug/deps -C incremental=/private/var/folders/5r/77k2t1vx1n50m75ysyl_z0qc0000gn/T/cargo-mutants-polars-online-ei4O8O.tmp/target/debug/incremental -L dependency=/private/var/folders/5r/77k2t1vx1n50m75ysyl_z0qc0000gn/T/cargo-mutants-polars-online-ei4O8O.tmp/target/debug/deps --extern faer=/private/var/folders/5r/77k2t1vx1n50m75ysyl_z0qc0000gn/T/cargo-mutants-polars-online-ei4O8O.tmp/target/debug/deps/libfaer-e2203ff9ddb23b39.rmeta --extern serde=/private/var/folders/5r/77k2t1vx1n50m75ysyl_z0qc0000gn/T/cargo-mutants-polars-online-ei4O8O.tmp/target/debug/deps/libserde-75ed40aefdc41108.rmeta --extern thiserror=/private/var/folders/5r/77k2t1vx1n50m75ysyl_z0qc0000gn/T/cargo-mutants-polars-online-ei4O8O.tmp/target/debug/deps/libthiserror-0c7fe80d0d5d62dd.rmeta`
